Symlinking /home/rosuser/repo/tandem_vicent_ws/devel/lib/pkgconfig/corrosion_detector.pc
Symlinking /home/rosuser/repo/tandem_vicent_ws/devel/lib/corrosion_detector/detection_to_world_pose.py
Symlinking /home/rosuser/repo/tandem_vicent_ws/devel/lib/corrosion_detector/corrosion_stereo_distance_estimator.py
Symlinking /home/rosuser/repo/tandem_vicent_ws/devel/lib/corrosion_detector/corrosion_spot_detector.py
Symlinking /home/rosuser/repo/tandem_vicent_ws/devel/lib/python3/dist-packages/corrosion_detector/__init__.py
Symlinking /home/rosuser/repo/tandem_vicent_ws/devel/lib/python3/dist-packages/corrosion_detector/msg/_NetStats.py
Symlinking /home/rosuser/repo/tandem_vicent_ws/devel/lib/python3/dist-packages/corrosion_detector/msg/_BoundingBox.py
Symlinking /home/rosuser/repo/tandem_vicent_ws/devel/lib/python3/dist-packages/corrosion_detector/msg/__init__.py
Symlinking /home/rosuser/repo/tandem_vicent_ws/devel/lib/python3/dist-packages/corrosion_detector/msg/_BoundingBoxArray.py
Symlinking /home/rosuser/repo/tandem_vicent_ws/devel/lib/python3/dist-packages/corrosion_detector/msg/_Detection3D.py
Symlinking /home/rosuser/repo/tandem_vicent_ws/devel/lib/python3/dist-packages/corrosion_detector/msg/_Detection3DArray.py
Symlinking /home/rosuser/repo/tandem_vicent_ws/devel/lib/python3/dist-packages/corrosion_detector/msg/_CoordinatesError.py
Symlinking /home/rosuser/repo/tandem_vicent_ws/devel/lib/python3/dist-packages/corrosion_detector/msg/_AxisPoints.py
Symlinking /home/rosuser/repo/tandem_vicent_ws/devel/lib/python3/dist-packages/corrosion_detector/srv/__init__.py
Symlinking /home/rosuser/repo/tandem_vicent_ws/devel/lib/python3/dist-packages/corrosion_detector/srv/_CameraSelector.py
Symlinking /home/rosuser/repo/tandem_vicent_ws/devel/lib/python3/dist-packages/corrosion_detector/srv/_Trigger.py
Symlinking /home/rosuser/repo/tandem_vicent_ws/devel/share/common-lisp/ros/corrosion_detector/msg/_package_CoordinatesError.lisp
Symlinking /home/rosuser/repo/tandem_vicent_ws/devel/share/common-lisp/ros/corrosion_detector/msg/corrosion_detector-msg.asd
Symlinking /home/rosuser/repo/tandem_vicent_ws/devel/share/common-lisp/ros/corrosion_detector/msg/_package_BoundingBoxArray.lisp
Symlinking /home/rosuser/repo/tandem_vicent_ws/devel/share/common-lisp/ros/corrosion_detector/msg/_package_Detection3DArray.lisp
Symlinking /home/rosuser/repo/tandem_vicent_ws/devel/share/common-lisp/ros/corrosion_detector/msg/_package.lisp
Symlinking /home/rosuser/repo/tandem_vicent_ws/devel/share/common-lisp/ros/corrosion_detector/msg/_package_BoundingBox.lisp
Symlinking /home/rosuser/repo/tandem_vicent_ws/devel/share/common-lisp/ros/corrosion_detector/msg/_package_NetStats.lisp
Symlinking /home/rosuser/repo/tandem_vicent_ws/devel/share/common-lisp/ros/corrosion_detector/msg/Detection3DArray.lisp
Symlinking /home/rosuser/repo/tandem_vicent_ws/devel/share/common-lisp/ros/corrosion_detector/msg/Detection3D.lisp
Symlinking /home/rosuser/repo/tandem_vicent_ws/devel/share/common-lisp/ros/corrosion_detector/msg/BoundingBox.lisp
Symlinking /home/rosuser/repo/tandem_vicent_ws/devel/share/common-lisp/ros/corrosion_detector/msg/AxisPoints.lisp
Symlinking /home/rosuser/repo/tandem_vicent_ws/devel/share/common-lisp/ros/corrosion_detector/msg/BoundingBoxArray.lisp
Symlinking /home/rosuser/repo/tandem_vicent_ws/devel/share/common-lisp/ros/corrosion_detector/msg/_package_Detection3D.lisp
Symlinking /home/rosuser/repo/tandem_vicent_ws/devel/share/common-lisp/ros/corrosion_detector/msg/CoordinatesError.lisp
Symlinking /home/rosuser/repo/tandem_vicent_ws/devel/share/common-lisp/ros/corrosion_detector/msg/NetStats.lisp
Symlinking /home/rosuser/repo/tandem_vicent_ws/devel/share/common-lisp/ros/corrosion_detector/msg/_package_AxisPoints.lisp
Symlinking /home/rosuser/repo/tandem_vicent_ws/devel/share/common-lisp/ros/corrosion_detector/srv/_package.lisp
Symlinking /home/rosuser/repo/tandem_vicent_ws/devel/share/common-lisp/ros/corrosion_detector/srv/Trigger.lisp
Symlinking /home/rosuser/repo/tandem_vicent_ws/devel/share/common-lisp/ros/corrosion_detector/srv/_package_CameraSelector.lisp
Symlinking /home/rosuser/repo/tandem_vicent_ws/devel/share/common-lisp/ros/corrosion_detector/srv/corrosion_detector-srv.asd
Symlinking /home/rosuser/repo/tandem_vicent_ws/devel/share/common-lisp/ros/corrosion_detector/srv/CameraSelector.lisp
Symlinking /home/rosuser/repo/tandem_vicent_ws/devel/share/common-lisp/ros/corrosion_detector/srv/_package_Trigger.lisp
Symlinking /home/rosuser/repo/tandem_vicent_ws/devel/share/roseus/ros/corrosion_detector/manifest.l
Symlinking /home/rosuser/repo/tandem_vicent_ws/devel/share/roseus/ros/corrosion_detector/msg/Detection3D.l
Symlinking /home/rosuser/repo/tandem_vicent_ws/devel/share/roseus/ros/corrosion_detector/msg/BoundingBoxArray.l
Symlinking /home/rosuser/repo/tandem_vicent_ws/devel/share/roseus/ros/corrosion_detector/msg/CoordinatesError.l
Symlinking /home/rosuser/repo/tandem_vicent_ws/devel/share/roseus/ros/corrosion_detector/msg/NetStats.l
Symlinking /home/rosuser/repo/tandem_vicent_ws/devel/share/roseus/ros/corrosion_detector/msg/Detection3DArray.l
Symlinking /home/rosuser/repo/tandem_vicent_ws/devel/share/roseus/ros/corrosion_detector/msg/AxisPoints.l
Symlinking /home/rosuser/repo/tandem_vicent_ws/devel/share/roseus/ros/corrosion_detector/msg/BoundingBox.l
Symlinking /home/rosuser/repo/tandem_vicent_ws/devel/share/roseus/ros/corrosion_detector/srv/CameraSelector.l
Symlinking /home/rosuser/repo/tandem_vicent_ws/devel/share/roseus/ros/corrosion_detector/srv/Trigger.l
Symlinking /home/rosuser/repo/tandem_vicent_ws/devel/share/corrosion_detector/cmake/corrosion_detectorConfig.cmake
Symlinking /home/rosuser/repo/tandem_vicent_ws/devel/share/corrosion_detector/cmake/corrosion_detector-msg-extras.cmake
Symlinking /home/rosuser/repo/tandem_vicent_ws/devel/share/corrosion_detector/cmake/corrosion_detector-msg-paths.cmake
Symlinking /home/rosuser/repo/tandem_vicent_ws/devel/share/corrosion_detector/cmake/corrosion_detectorConfig-version.cmake
Symlinking /home/rosuser/repo/tandem_vicent_ws/devel/share/gennodejs/ros/corrosion_detector/_index.js
Symlinking /home/rosuser/repo/tandem_vicent_ws/devel/share/gennodejs/ros/corrosion_detector/msg/AxisPoints.js
Symlinking /home/rosuser/repo/tandem_vicent_ws/devel/share/gennodejs/ros/corrosion_detector/msg/NetStats.js
Symlinking /home/rosuser/repo/tandem_vicent_ws/devel/share/gennodejs/ros/corrosion_detector/msg/Detection3DArray.js
Symlinking /home/rosuser/repo/tandem_vicent_ws/devel/share/gennodejs/ros/corrosion_detector/msg/_index.js
Symlinking /home/rosuser/repo/tandem_vicent_ws/devel/share/gennodejs/ros/corrosion_detector/msg/BoundingBox.js
Symlinking /home/rosuser/repo/tandem_vicent_ws/devel/share/gennodejs/ros/corrosion_detector/msg/BoundingBoxArray.js
Symlinking /home/rosuser/repo/tandem_vicent_ws/devel/share/gennodejs/ros/corrosion_detector/msg/Detection3D.js
Symlinking /home/rosuser/repo/tandem_vicent_ws/devel/share/gennodejs/ros/corrosion_detector/msg/CoordinatesError.js
Symlinking /home/rosuser/repo/tandem_vicent_ws/devel/share/gennodejs/ros/corrosion_detector/srv/Trigger.js
Symlinking /home/rosuser/repo/tandem_vicent_ws/devel/share/gennodejs/ros/corrosion_detector/srv/_index.js
Symlinking /home/rosuser/repo/tandem_vicent_ws/devel/share/gennodejs/ros/corrosion_detector/srv/CameraSelector.js
Symlinking /home/rosuser/repo/tandem_vicent_ws/devel/include/corrosion_detector/TriggerRequest.h
Symlinking /home/rosuser/repo/tandem_vicent_ws/devel/include/corrosion_detector/TriggerResponse.h
Symlinking /home/rosuser/repo/tandem_vicent_ws/devel/include/corrosion_detector/CameraSelectorResponse.h
Symlinking /home/rosuser/repo/tandem_vicent_ws/devel/include/corrosion_detector/BoundingBox.h
Symlinking /home/rosuser/repo/tandem_vicent_ws/devel/include/corrosion_detector/CoordinatesError.h
Symlinking /home/rosuser/repo/tandem_vicent_ws/devel/include/corrosion_detector/CameraSelector.h
Symlinking /home/rosuser/repo/tandem_vicent_ws/devel/include/corrosion_detector/Trigger.h
Symlinking /home/rosuser/repo/tandem_vicent_ws/devel/include/corrosion_detector/BoundingBoxArray.h
Symlinking /home/rosuser/repo/tandem_vicent_ws/devel/include/corrosion_detector/CameraSelectorRequest.h
Symlinking /home/rosuser/repo/tandem_vicent_ws/devel/include/corrosion_detector/Detection3DArray.h
Symlinking /home/rosuser/repo/tandem_vicent_ws/devel/include/corrosion_detector/AxisPoints.h
Symlinking /home/rosuser/repo/tandem_vicent_ws/devel/include/corrosion_detector/Detection3D.h
Symlinking /home/rosuser/repo/tandem_vicent_ws/devel/include/corrosion_detector/NetStats.h
