Symlinking /home/rosuser/repo/tandem_vicent_ws/devel/lib/pkgconfig/cola2_msgs.pc
Symlinking /home/rosuser/repo/tandem_vicent_ws/devel/lib/python3/dist-packages/cola2_msgs/__init__.py
Symlinking /home/rosuser/repo/tandem_vicent_ws/devel/lib/python3/dist-packages/cola2_msgs/msg/_CaptainStateFeedback.py
Symlinking /home/rosuser/repo/tandem_vicent_ws/devel/lib/python3/dist-packages/cola2_msgs/msg/_PilotFeedback.py
Symlinking /home/rosuser/repo/tandem_vicent_ws/devel/lib/python3/dist-packages/cola2_msgs/msg/_Setpoints.py
Symlinking /home/rosuser/repo/tandem_vicent_ws/devel/lib/python3/dist-packages/cola2_msgs/msg/_PilotActionResult.py
Symlinking /home/rosuser/repo/tandem_vicent_ws/devel/lib/python3/dist-packages/cola2_msgs/msg/_BodyForceReq.py
Symlinking /home/rosuser/repo/tandem_vicent_ws/devel/lib/python3/dist-packages/cola2_msgs/msg/_PilotResult.py
Symlinking /home/rosuser/repo/tandem_vicent_ws/devel/lib/python3/dist-packages/cola2_msgs/msg/__init__.py
Symlinking /home/rosuser/repo/tandem_vicent_ws/devel/lib/python3/dist-packages/cola2_msgs/msg/_ImageAcquisitionSettings.py
Symlinking /home/rosuser/repo/tandem_vicent_ws/devel/lib/python3/dist-packages/cola2_msgs/msg/_FlsConfig.py
Symlinking /home/rosuser/repo/tandem_vicent_ws/devel/lib/python3/dist-packages/cola2_msgs/msg/_DecimalLatLon.py
Symlinking /home/rosuser/repo/tandem_vicent_ws/devel/lib/python3/dist-packages/cola2_msgs/msg/_RecoveryAction.py
Symlinking /home/rosuser/repo/tandem_vicent_ws/devel/lib/python3/dist-packages/cola2_msgs/msg/_DVLBeam.py
Symlinking /home/rosuser/repo/tandem_vicent_ws/devel/lib/python3/dist-packages/cola2_msgs/msg/_NavSts.py
Symlinking /home/rosuser/repo/tandem_vicent_ws/devel/lib/python3/dist-packages/cola2_msgs/msg/_KeyValue.py
Symlinking /home/rosuser/repo/tandem_vicent_ws/devel/lib/python3/dist-packages/cola2_msgs/msg/_KeyValueArray.py
Symlinking /home/rosuser/repo/tandem_vicent_ws/devel/lib/python3/dist-packages/cola2_msgs/msg/_CaptainStatus.py
Symlinking /home/rosuser/repo/tandem_vicent_ws/devel/lib/python3/dist-packages/cola2_msgs/msg/_Bool6Axis.py
Symlinking /home/rosuser/repo/tandem_vicent_ws/devel/lib/python3/dist-packages/cola2_msgs/msg/_BodyVelocityReq.py
Symlinking /home/rosuser/repo/tandem_vicent_ws/devel/lib/python3/dist-packages/cola2_msgs/msg/_SafetySupervisorStatus.py
Symlinking /home/rosuser/repo/tandem_vicent_ws/devel/lib/python3/dist-packages/cola2_msgs/msg/_SSSConfig.py
Symlinking /home/rosuser/repo/tandem_vicent_ws/devel/lib/python3/dist-packages/cola2_msgs/msg/_PilotActionGoal.py
Symlinking /home/rosuser/repo/tandem_vicent_ws/devel/lib/python3/dist-packages/cola2_msgs/msg/_PilotAction.py
Symlinking /home/rosuser/repo/tandem_vicent_ws/devel/lib/python3/dist-packages/cola2_msgs/msg/_GoalDescriptor.py
Symlinking /home/rosuser/repo/tandem_vicent_ws/devel/lib/python3/dist-packages/cola2_msgs/msg/_Float32Stamped.py
Symlinking /home/rosuser/repo/tandem_vicent_ws/devel/lib/python3/dist-packages/cola2_msgs/msg/_PilotActionFeedback.py
Symlinking /home/rosuser/repo/tandem_vicent_ws/devel/lib/python3/dist-packages/cola2_msgs/msg/_PilotGoal.py
Symlinking /home/rosuser/repo/tandem_vicent_ws/devel/lib/python3/dist-packages/cola2_msgs/msg/_RPY.py
Symlinking /home/rosuser/repo/tandem_vicent_ws/devel/lib/python3/dist-packages/cola2_msgs/msg/_DVL.py
Symlinking /home/rosuser/repo/tandem_vicent_ws/devel/lib/python3/dist-packages/cola2_msgs/msg/_WorldWaypointReq.py
Symlinking /home/rosuser/repo/tandem_vicent_ws/devel/lib/python3/dist-packages/cola2_msgs/msg/_NED.py
Symlinking /home/rosuser/repo/tandem_vicent_ws/devel/lib/python3/dist-packages/cola2_msgs/msg/_MissionState.py
Symlinking /home/rosuser/repo/tandem_vicent_ws/devel/lib/python3/dist-packages/cola2_msgs/srv/__init__.py
Symlinking /home/rosuser/repo/tandem_vicent_ws/devel/lib/python3/dist-packages/cola2_msgs/srv/_Goto.py
Symlinking /home/rosuser/repo/tandem_vicent_ws/devel/lib/python3/dist-packages/cola2_msgs/srv/_MaxJoyVelocity.py
Symlinking /home/rosuser/repo/tandem_vicent_ws/devel/lib/python3/dist-packages/cola2_msgs/srv/_Action.py
Symlinking /home/rosuser/repo/tandem_vicent_ws/devel/lib/python3/dist-packages/cola2_msgs/srv/_DigitalOutput.py
Symlinking /home/rosuser/repo/tandem_vicent_ws/devel/lib/python3/dist-packages/cola2_msgs/srv/_Recovery.py
Symlinking /home/rosuser/repo/tandem_vicent_ws/devel/lib/python3/dist-packages/cola2_msgs/srv/_String.py
Symlinking /home/rosuser/repo/tandem_vicent_ws/devel/lib/python3/dist-packages/cola2_msgs/srv/_Section.py
Symlinking /home/rosuser/repo/tandem_vicent_ws/devel/lib/python3/dist-packages/cola2_msgs/srv/_Mission.py
Symlinking /home/rosuser/repo/tandem_vicent_ws/devel/share/common-lisp/ros/cola2_msgs/msg/KeyValue.lisp
Symlinking /home/rosuser/repo/tandem_vicent_ws/devel/share/common-lisp/ros/cola2_msgs/msg/DecimalLatLon.lisp
Symlinking /home/rosuser/repo/tandem_vicent_ws/devel/share/common-lisp/ros/cola2_msgs/msg/_package_PilotActionResult.lisp
Symlinking /home/rosuser/repo/tandem_vicent_ws/devel/share/common-lisp/ros/cola2_msgs/msg/_package_PilotActionGoal.lisp
Symlinking /home/rosuser/repo/tandem_vicent_ws/devel/share/common-lisp/ros/cola2_msgs/msg/_package_DVLBeam.lisp
Symlinking /home/rosuser/repo/tandem_vicent_ws/devel/share/common-lisp/ros/cola2_msgs/msg/_package_DecimalLatLon.lisp
Symlinking /home/rosuser/repo/tandem_vicent_ws/devel/share/common-lisp/ros/cola2_msgs/msg/ImageAcquisitionSettings.lisp
Symlinking /home/rosuser/repo/tandem_vicent_ws/devel/share/common-lisp/ros/cola2_msgs/msg/_package.lisp
Symlinking /home/rosuser/repo/tandem_vicent_ws/devel/share/common-lisp/ros/cola2_msgs/msg/PilotResult.lisp
Symlinking /home/rosuser/repo/tandem_vicent_ws/devel/share/common-lisp/ros/cola2_msgs/msg/BodyVelocityReq.lisp
Symlinking /home/rosuser/repo/tandem_vicent_ws/devel/share/common-lisp/ros/cola2_msgs/msg/_package_Bool6Axis.lisp
Symlinking /home/rosuser/repo/tandem_vicent_ws/devel/share/common-lisp/ros/cola2_msgs/msg/PilotGoal.lisp
Symlinking /home/rosuser/repo/tandem_vicent_ws/devel/share/common-lisp/ros/cola2_msgs/msg/_package_KeyValue.lisp
Symlinking /home/rosuser/repo/tandem_vicent_ws/devel/share/common-lisp/ros/cola2_msgs/msg/GoalDescriptor.lisp
Symlinking /home/rosuser/repo/tandem_vicent_ws/devel/share/common-lisp/ros/cola2_msgs/msg/CaptainStatus.lisp
Symlinking /home/rosuser/repo/tandem_vicent_ws/devel/share/common-lisp/ros/cola2_msgs/msg/_package_SSSConfig.lisp
Symlinking /home/rosuser/repo/tandem_vicent_ws/devel/share/common-lisp/ros/cola2_msgs/msg/_package_Float32Stamped.lisp
Symlinking /home/rosuser/repo/tandem_vicent_ws/devel/share/common-lisp/ros/cola2_msgs/msg/_package_RecoveryAction.lisp
Symlinking /home/rosuser/repo/tandem_vicent_ws/devel/share/common-lisp/ros/cola2_msgs/msg/_package_DVL.lisp
Symlinking /home/rosuser/repo/tandem_vicent_ws/devel/share/common-lisp/ros/cola2_msgs/msg/_package_PilotGoal.lisp
Symlinking /home/rosuser/repo/tandem_vicent_ws/devel/share/common-lisp/ros/cola2_msgs/msg/DVLBeam.lisp
Symlinking /home/rosuser/repo/tandem_vicent_ws/devel/share/common-lisp/ros/cola2_msgs/msg/_package_RPY.lisp
Symlinking /home/rosuser/repo/tandem_vicent_ws/devel/share/common-lisp/ros/cola2_msgs/msg/_package_ImageAcquisitionSettings.lisp
Symlinking /home/rosuser/repo/tandem_vicent_ws/devel/share/common-lisp/ros/cola2_msgs/msg/BodyForceReq.lisp
Symlinking /home/rosuser/repo/tandem_vicent_ws/devel/share/common-lisp/ros/cola2_msgs/msg/MissionState.lisp
Symlinking /home/rosuser/repo/tandem_vicent_ws/devel/share/common-lisp/ros/cola2_msgs/msg/PilotFeedback.lisp
Symlinking /home/rosuser/repo/tandem_vicent_ws/devel/share/common-lisp/ros/cola2_msgs/msg/_package_CaptainStatus.lisp
Symlinking /home/rosuser/repo/tandem_vicent_ws/devel/share/common-lisp/ros/cola2_msgs/msg/FlsConfig.lisp
Symlinking /home/rosuser/repo/tandem_vicent_ws/devel/share/common-lisp/ros/cola2_msgs/msg/_package_BodyForceReq.lisp
Symlinking /home/rosuser/repo/tandem_vicent_ws/devel/share/common-lisp/ros/cola2_msgs/msg/KeyValueArray.lisp
Symlinking /home/rosuser/repo/tandem_vicent_ws/devel/share/common-lisp/ros/cola2_msgs/msg/cola2_msgs-msg.asd
Symlinking /home/rosuser/repo/tandem_vicent_ws/devel/share/common-lisp/ros/cola2_msgs/msg/PilotActionFeedback.lisp
Symlinking /home/rosuser/repo/tandem_vicent_ws/devel/share/common-lisp/ros/cola2_msgs/msg/_package_FlsConfig.lisp
Symlinking /home/rosuser/repo/tandem_vicent_ws/devel/share/common-lisp/ros/cola2_msgs/msg/PilotAction.lisp
Symlinking /home/rosuser/repo/tandem_vicent_ws/devel/share/common-lisp/ros/cola2_msgs/msg/_package_CaptainStateFeedback.lisp
Symlinking /home/rosuser/repo/tandem_vicent_ws/devel/share/common-lisp/ros/cola2_msgs/msg/_package_KeyValueArray.lisp
Symlinking /home/rosuser/repo/tandem_vicent_ws/devel/share/common-lisp/ros/cola2_msgs/msg/_package_PilotResult.lisp
Symlinking /home/rosuser/repo/tandem_vicent_ws/devel/share/common-lisp/ros/cola2_msgs/msg/PilotActionGoal.lisp
Symlinking /home/rosuser/repo/tandem_vicent_ws/devel/share/common-lisp/ros/cola2_msgs/msg/RecoveryAction.lisp
Symlinking /home/rosuser/repo/tandem_vicent_ws/devel/share/common-lisp/ros/cola2_msgs/msg/RPY.lisp
Symlinking /home/rosuser/repo/tandem_vicent_ws/devel/share/common-lisp/ros/cola2_msgs/msg/_package_PilotActionFeedback.lisp
Symlinking /home/rosuser/repo/tandem_vicent_ws/devel/share/common-lisp/ros/cola2_msgs/msg/_package_Setpoints.lisp
Symlinking /home/rosuser/repo/tandem_vicent_ws/devel/share/common-lisp/ros/cola2_msgs/msg/DVL.lisp
Symlinking /home/rosuser/repo/tandem_vicent_ws/devel/share/common-lisp/ros/cola2_msgs/msg/CaptainStateFeedback.lisp
Symlinking /home/rosuser/repo/tandem_vicent_ws/devel/share/common-lisp/ros/cola2_msgs/msg/_package_BodyVelocityReq.lisp
Symlinking /home/rosuser/repo/tandem_vicent_ws/devel/share/common-lisp/ros/cola2_msgs/msg/_package_PilotAction.lisp
Symlinking /home/rosuser/repo/tandem_vicent_ws/devel/share/common-lisp/ros/cola2_msgs/msg/NED.lisp
Symlinking /home/rosuser/repo/tandem_vicent_ws/devel/share/common-lisp/ros/cola2_msgs/msg/WorldWaypointReq.lisp
Symlinking /home/rosuser/repo/tandem_vicent_ws/devel/share/common-lisp/ros/cola2_msgs/msg/_package_NED.lisp
Symlinking /home/rosuser/repo/tandem_vicent_ws/devel/share/common-lisp/ros/cola2_msgs/msg/Bool6Axis.lisp
Symlinking /home/rosuser/repo/tandem_vicent_ws/devel/share/common-lisp/ros/cola2_msgs/msg/_package_PilotFeedback.lisp
Symlinking /home/rosuser/repo/tandem_vicent_ws/devel/share/common-lisp/ros/cola2_msgs/msg/_package_SafetySupervisorStatus.lisp
Symlinking /home/rosuser/repo/tandem_vicent_ws/devel/share/common-lisp/ros/cola2_msgs/msg/Float32Stamped.lisp
Symlinking /home/rosuser/repo/tandem_vicent_ws/devel/share/common-lisp/ros/cola2_msgs/msg/_package_NavSts.lisp
Symlinking /home/rosuser/repo/tandem_vicent_ws/devel/share/common-lisp/ros/cola2_msgs/msg/_package_WorldWaypointReq.lisp
Symlinking /home/rosuser/repo/tandem_vicent_ws/devel/share/common-lisp/ros/cola2_msgs/msg/SSSConfig.lisp
Symlinking /home/rosuser/repo/tandem_vicent_ws/devel/share/common-lisp/ros/cola2_msgs/msg/_package_GoalDescriptor.lisp
Symlinking /home/rosuser/repo/tandem_vicent_ws/devel/share/common-lisp/ros/cola2_msgs/msg/Setpoints.lisp
Symlinking /home/rosuser/repo/tandem_vicent_ws/devel/share/common-lisp/ros/cola2_msgs/msg/SafetySupervisorStatus.lisp
Symlinking /home/rosuser/repo/tandem_vicent_ws/devel/share/common-lisp/ros/cola2_msgs/msg/_package_MissionState.lisp
Symlinking /home/rosuser/repo/tandem_vicent_ws/devel/share/common-lisp/ros/cola2_msgs/msg/PilotActionResult.lisp
Symlinking /home/rosuser/repo/tandem_vicent_ws/devel/share/common-lisp/ros/cola2_msgs/msg/NavSts.lisp
Symlinking /home/rosuser/repo/tandem_vicent_ws/devel/share/common-lisp/ros/cola2_msgs/srv/_package_Action.lisp
Symlinking /home/rosuser/repo/tandem_vicent_ws/devel/share/common-lisp/ros/cola2_msgs/srv/DigitalOutput.lisp
Symlinking /home/rosuser/repo/tandem_vicent_ws/devel/share/common-lisp/ros/cola2_msgs/srv/_package_MaxJoyVelocity.lisp
Symlinking /home/rosuser/repo/tandem_vicent_ws/devel/share/common-lisp/ros/cola2_msgs/srv/_package.lisp
Symlinking /home/rosuser/repo/tandem_vicent_ws/devel/share/common-lisp/ros/cola2_msgs/srv/Goto.lisp
Symlinking /home/rosuser/repo/tandem_vicent_ws/devel/share/common-lisp/ros/cola2_msgs/srv/String.lisp
Symlinking /home/rosuser/repo/tandem_vicent_ws/devel/share/common-lisp/ros/cola2_msgs/srv/_package_Goto.lisp
Symlinking /home/rosuser/repo/tandem_vicent_ws/devel/share/common-lisp/ros/cola2_msgs/srv/_package_DigitalOutput.lisp
Symlinking /home/rosuser/repo/tandem_vicent_ws/devel/share/common-lisp/ros/cola2_msgs/srv/Recovery.lisp
Symlinking /home/rosuser/repo/tandem_vicent_ws/devel/share/common-lisp/ros/cola2_msgs/srv/Action.lisp
Symlinking /home/rosuser/repo/tandem_vicent_ws/devel/share/common-lisp/ros/cola2_msgs/srv/_package_Mission.lisp
Symlinking /home/rosuser/repo/tandem_vicent_ws/devel/share/common-lisp/ros/cola2_msgs/srv/MaxJoyVelocity.lisp
Symlinking /home/rosuser/repo/tandem_vicent_ws/devel/share/common-lisp/ros/cola2_msgs/srv/Mission.lisp
Symlinking /home/rosuser/repo/tandem_vicent_ws/devel/share/common-lisp/ros/cola2_msgs/srv/cola2_msgs-srv.asd
Symlinking /home/rosuser/repo/tandem_vicent_ws/devel/share/common-lisp/ros/cola2_msgs/srv/Section.lisp
Symlinking /home/rosuser/repo/tandem_vicent_ws/devel/share/common-lisp/ros/cola2_msgs/srv/_package_Section.lisp
Symlinking /home/rosuser/repo/tandem_vicent_ws/devel/share/common-lisp/ros/cola2_msgs/srv/_package_String.lisp
Symlinking /home/rosuser/repo/tandem_vicent_ws/devel/share/common-lisp/ros/cola2_msgs/srv/_package_Recovery.lisp
Symlinking /home/rosuser/repo/tandem_vicent_ws/devel/share/roseus/ros/cola2_msgs/manifest.l
Symlinking /home/rosuser/repo/tandem_vicent_ws/devel/share/roseus/ros/cola2_msgs/msg/PilotGoal.l
Symlinking /home/rosuser/repo/tandem_vicent_ws/devel/share/roseus/ros/cola2_msgs/msg/RPY.l
Symlinking /home/rosuser/repo/tandem_vicent_ws/devel/share/roseus/ros/cola2_msgs/msg/PilotAction.l
Symlinking /home/rosuser/repo/tandem_vicent_ws/devel/share/roseus/ros/cola2_msgs/msg/PilotActionGoal.l
Symlinking /home/rosuser/repo/tandem_vicent_ws/devel/share/roseus/ros/cola2_msgs/msg/RecoveryAction.l
Symlinking /home/rosuser/repo/tandem_vicent_ws/devel/share/roseus/ros/cola2_msgs/msg/PilotActionResult.l
Symlinking /home/rosuser/repo/tandem_vicent_ws/devel/share/roseus/ros/cola2_msgs/msg/FlsConfig.l
Symlinking /home/rosuser/repo/tandem_vicent_ws/devel/share/roseus/ros/cola2_msgs/msg/Setpoints.l
Symlinking /home/rosuser/repo/tandem_vicent_ws/devel/share/roseus/ros/cola2_msgs/msg/Float32Stamped.l
Symlinking /home/rosuser/repo/tandem_vicent_ws/devel/share/roseus/ros/cola2_msgs/msg/ImageAcquisitionSettings.l
Symlinking /home/rosuser/repo/tandem_vicent_ws/devel/share/roseus/ros/cola2_msgs/msg/PilotActionFeedback.l
Symlinking /home/rosuser/repo/tandem_vicent_ws/devel/share/roseus/ros/cola2_msgs/msg/KeyValue.l
Symlinking /home/rosuser/repo/tandem_vicent_ws/devel/share/roseus/ros/cola2_msgs/msg/Bool6Axis.l
Symlinking /home/rosuser/repo/tandem_vicent_ws/devel/share/roseus/ros/cola2_msgs/msg/DecimalLatLon.l
Symlinking /home/rosuser/repo/tandem_vicent_ws/devel/share/roseus/ros/cola2_msgs/msg/NED.l
Symlinking /home/rosuser/repo/tandem_vicent_ws/devel/share/roseus/ros/cola2_msgs/msg/MissionState.l
Symlinking /home/rosuser/repo/tandem_vicent_ws/devel/share/roseus/ros/cola2_msgs/msg/GoalDescriptor.l
Symlinking /home/rosuser/repo/tandem_vicent_ws/devel/share/roseus/ros/cola2_msgs/msg/SSSConfig.l
Symlinking /home/rosuser/repo/tandem_vicent_ws/devel/share/roseus/ros/cola2_msgs/msg/SafetySupervisorStatus.l
Symlinking /home/rosuser/repo/tandem_vicent_ws/devel/share/roseus/ros/cola2_msgs/msg/DVLBeam.l
Symlinking /home/rosuser/repo/tandem_vicent_ws/devel/share/roseus/ros/cola2_msgs/msg/BodyVelocityReq.l
Symlinking /home/rosuser/repo/tandem_vicent_ws/devel/share/roseus/ros/cola2_msgs/msg/CaptainStatus.l
Symlinking /home/rosuser/repo/tandem_vicent_ws/devel/share/roseus/ros/cola2_msgs/msg/NavSts.l
Symlinking /home/rosuser/repo/tandem_vicent_ws/devel/share/roseus/ros/cola2_msgs/msg/BodyForceReq.l
Symlinking /home/rosuser/repo/tandem_vicent_ws/devel/share/roseus/ros/cola2_msgs/msg/KeyValueArray.l
Symlinking /home/rosuser/repo/tandem_vicent_ws/devel/share/roseus/ros/cola2_msgs/msg/PilotResult.l
Symlinking /home/rosuser/repo/tandem_vicent_ws/devel/share/roseus/ros/cola2_msgs/msg/DVL.l
Symlinking /home/rosuser/repo/tandem_vicent_ws/devel/share/roseus/ros/cola2_msgs/msg/WorldWaypointReq.l
Symlinking /home/rosuser/repo/tandem_vicent_ws/devel/share/roseus/ros/cola2_msgs/msg/PilotFeedback.l
Symlinking /home/rosuser/repo/tandem_vicent_ws/devel/share/roseus/ros/cola2_msgs/msg/CaptainStateFeedback.l
Symlinking /home/rosuser/repo/tandem_vicent_ws/devel/share/roseus/ros/cola2_msgs/srv/MaxJoyVelocity.l
Symlinking /home/rosuser/repo/tandem_vicent_ws/devel/share/roseus/ros/cola2_msgs/srv/String.l
Symlinking /home/rosuser/repo/tandem_vicent_ws/devel/share/roseus/ros/cola2_msgs/srv/DigitalOutput.l
Symlinking /home/rosuser/repo/tandem_vicent_ws/devel/share/roseus/ros/cola2_msgs/srv/Recovery.l
Symlinking /home/rosuser/repo/tandem_vicent_ws/devel/share/roseus/ros/cola2_msgs/srv/Section.l
Symlinking /home/rosuser/repo/tandem_vicent_ws/devel/share/roseus/ros/cola2_msgs/srv/Mission.l
Symlinking /home/rosuser/repo/tandem_vicent_ws/devel/share/roseus/ros/cola2_msgs/srv/Goto.l
Symlinking /home/rosuser/repo/tandem_vicent_ws/devel/share/roseus/ros/cola2_msgs/srv/Action.l
Symlinking /home/rosuser/repo/tandem_vicent_ws/devel/share/gennodejs/ros/cola2_msgs/_index.js
Symlinking /home/rosuser/repo/tandem_vicent_ws/devel/share/gennodejs/ros/cola2_msgs/msg/Float32Stamped.js
Symlinking /home/rosuser/repo/tandem_vicent_ws/devel/share/gennodejs/ros/cola2_msgs/msg/SSSConfig.js
Symlinking /home/rosuser/repo/tandem_vicent_ws/devel/share/gennodejs/ros/cola2_msgs/msg/NED.js
Symlinking /home/rosuser/repo/tandem_vicent_ws/devel/share/gennodejs/ros/cola2_msgs/msg/RecoveryAction.js
Symlinking /home/rosuser/repo/tandem_vicent_ws/devel/share/gennodejs/ros/cola2_msgs/msg/PilotActionResult.js
Symlinking /home/rosuser/repo/tandem_vicent_ws/devel/share/gennodejs/ros/cola2_msgs/msg/PilotFeedback.js
Symlinking /home/rosuser/repo/tandem_vicent_ws/devel/share/gennodejs/ros/cola2_msgs/msg/BodyForceReq.js
Symlinking /home/rosuser/repo/tandem_vicent_ws/devel/share/gennodejs/ros/cola2_msgs/msg/DVLBeam.js
Symlinking /home/rosuser/repo/tandem_vicent_ws/devel/share/gennodejs/ros/cola2_msgs/msg/SafetySupervisorStatus.js
Symlinking /home/rosuser/repo/tandem_vicent_ws/devel/share/gennodejs/ros/cola2_msgs/msg/DecimalLatLon.js
Symlinking /home/rosuser/repo/tandem_vicent_ws/devel/share/gennodejs/ros/cola2_msgs/msg/BodyVelocityReq.js
Symlinking /home/rosuser/repo/tandem_vicent_ws/devel/share/gennodejs/ros/cola2_msgs/msg/PilotActionFeedback.js
Symlinking /home/rosuser/repo/tandem_vicent_ws/devel/share/gennodejs/ros/cola2_msgs/msg/KeyValueArray.js
Symlinking /home/rosuser/repo/tandem_vicent_ws/devel/share/gennodejs/ros/cola2_msgs/msg/DVL.js
Symlinking /home/rosuser/repo/tandem_vicent_ws/devel/share/gennodejs/ros/cola2_msgs/msg/WorldWaypointReq.js
Symlinking /home/rosuser/repo/tandem_vicent_ws/devel/share/gennodejs/ros/cola2_msgs/msg/PilotGoal.js
Symlinking /home/rosuser/repo/tandem_vicent_ws/devel/share/gennodejs/ros/cola2_msgs/msg/_index.js
Symlinking /home/rosuser/repo/tandem_vicent_ws/devel/share/gennodejs/ros/cola2_msgs/msg/NavSts.js
Symlinking /home/rosuser/repo/tandem_vicent_ws/devel/share/gennodejs/ros/cola2_msgs/msg/KeyValue.js
Symlinking /home/rosuser/repo/tandem_vicent_ws/devel/share/gennodejs/ros/cola2_msgs/msg/FlsConfig.js
Symlinking /home/rosuser/repo/tandem_vicent_ws/devel/share/gennodejs/ros/cola2_msgs/msg/ImageAcquisitionSettings.js
Symlinking /home/rosuser/repo/tandem_vicent_ws/devel/share/gennodejs/ros/cola2_msgs/msg/MissionState.js
Symlinking /home/rosuser/repo/tandem_vicent_ws/devel/share/gennodejs/ros/cola2_msgs/msg/Setpoints.js
Symlinking /home/rosuser/repo/tandem_vicent_ws/devel/share/gennodejs/ros/cola2_msgs/msg/PilotActionGoal.js
Symlinking /home/rosuser/repo/tandem_vicent_ws/devel/share/gennodejs/ros/cola2_msgs/msg/GoalDescriptor.js
Symlinking /home/rosuser/repo/tandem_vicent_ws/devel/share/gennodejs/ros/cola2_msgs/msg/CaptainStateFeedback.js
Symlinking /home/rosuser/repo/tandem_vicent_ws/devel/share/gennodejs/ros/cola2_msgs/msg/PilotResult.js
Symlinking /home/rosuser/repo/tandem_vicent_ws/devel/share/gennodejs/ros/cola2_msgs/msg/PilotAction.js
Symlinking /home/rosuser/repo/tandem_vicent_ws/devel/share/gennodejs/ros/cola2_msgs/msg/Bool6Axis.js
Symlinking /home/rosuser/repo/tandem_vicent_ws/devel/share/gennodejs/ros/cola2_msgs/msg/CaptainStatus.js
Symlinking /home/rosuser/repo/tandem_vicent_ws/devel/share/gennodejs/ros/cola2_msgs/msg/RPY.js
Symlinking /home/rosuser/repo/tandem_vicent_ws/devel/share/gennodejs/ros/cola2_msgs/srv/DigitalOutput.js
Symlinking /home/rosuser/repo/tandem_vicent_ws/devel/share/gennodejs/ros/cola2_msgs/srv/MaxJoyVelocity.js
Symlinking /home/rosuser/repo/tandem_vicent_ws/devel/share/gennodejs/ros/cola2_msgs/srv/Recovery.js
Symlinking /home/rosuser/repo/tandem_vicent_ws/devel/share/gennodejs/ros/cola2_msgs/srv/Mission.js
Symlinking /home/rosuser/repo/tandem_vicent_ws/devel/share/gennodejs/ros/cola2_msgs/srv/String.js
Symlinking /home/rosuser/repo/tandem_vicent_ws/devel/share/gennodejs/ros/cola2_msgs/srv/Section.js
Symlinking /home/rosuser/repo/tandem_vicent_ws/devel/share/gennodejs/ros/cola2_msgs/srv/_index.js
Symlinking /home/rosuser/repo/tandem_vicent_ws/devel/share/gennodejs/ros/cola2_msgs/srv/Action.js
Symlinking /home/rosuser/repo/tandem_vicent_ws/devel/share/gennodejs/ros/cola2_msgs/srv/Goto.js
Symlinking /home/rosuser/repo/tandem_vicent_ws/devel/share/cola2_msgs/cmake/cola2_msgsConfig.cmake
Symlinking /home/rosuser/repo/tandem_vicent_ws/devel/share/cola2_msgs/cmake/cola2_msgs-msg-extras.cmake
Symlinking /home/rosuser/repo/tandem_vicent_ws/devel/share/cola2_msgs/cmake/cola2_msgsConfig-version.cmake
Symlinking /home/rosuser/repo/tandem_vicent_ws/devel/share/cola2_msgs/cmake/cola2_msgs-msg-paths.cmake
Symlinking /home/rosuser/repo/tandem_vicent_ws/devel/share/cola2_msgs/msg/PilotFeedback.msg
Symlinking /home/rosuser/repo/tandem_vicent_ws/devel/share/cola2_msgs/msg/PilotResult.msg
Symlinking /home/rosuser/repo/tandem_vicent_ws/devel/share/cola2_msgs/msg/PilotGoal.msg
Symlinking /home/rosuser/repo/tandem_vicent_ws/devel/share/cola2_msgs/msg/PilotAction.msg
Symlinking /home/rosuser/repo/tandem_vicent_ws/devel/share/cola2_msgs/msg/PilotActionResult.msg
Symlinking /home/rosuser/repo/tandem_vicent_ws/devel/share/cola2_msgs/msg/PilotActionGoal.msg
Symlinking /home/rosuser/repo/tandem_vicent_ws/devel/share/cola2_msgs/msg/PilotActionFeedback.msg
Symlinking /home/rosuser/repo/tandem_vicent_ws/devel/include/cola2_msgs/Action.h
Symlinking /home/rosuser/repo/tandem_vicent_ws/devel/include/cola2_msgs/SafetySupervisorStatus.h
Symlinking /home/rosuser/repo/tandem_vicent_ws/devel/include/cola2_msgs/StringResponse.h
Symlinking /home/rosuser/repo/tandem_vicent_ws/devel/include/cola2_msgs/RPY.h
Symlinking /home/rosuser/repo/tandem_vicent_ws/devel/include/cola2_msgs/DigitalOutputResponse.h
Symlinking /home/rosuser/repo/tandem_vicent_ws/devel/include/cola2_msgs/CaptainStatus.h
Symlinking /home/rosuser/repo/tandem_vicent_ws/devel/include/cola2_msgs/RecoveryRequest.h
Symlinking /home/rosuser/repo/tandem_vicent_ws/devel/include/cola2_msgs/GoalDescriptor.h
Symlinking /home/rosuser/repo/tandem_vicent_ws/devel/include/cola2_msgs/FlsConfig.h
Symlinking /home/rosuser/repo/tandem_vicent_ws/devel/include/cola2_msgs/MaxJoyVelocityResponse.h
Symlinking /home/rosuser/repo/tandem_vicent_ws/devel/include/cola2_msgs/String.h
Symlinking /home/rosuser/repo/tandem_vicent_ws/devel/include/cola2_msgs/RecoveryAction.h
Symlinking /home/rosuser/repo/tandem_vicent_ws/devel/include/cola2_msgs/MissionResponse.h
Symlinking /home/rosuser/repo/tandem_vicent_ws/devel/include/cola2_msgs/Recovery.h
Symlinking /home/rosuser/repo/tandem_vicent_ws/devel/include/cola2_msgs/PilotActionResult.h
Symlinking /home/rosuser/repo/tandem_vicent_ws/devel/include/cola2_msgs/PilotFeedback.h
Symlinking /home/rosuser/repo/tandem_vicent_ws/devel/include/cola2_msgs/MissionRequest.h
Symlinking /home/rosuser/repo/tandem_vicent_ws/devel/include/cola2_msgs/PilotAction.h
Symlinking /home/rosuser/repo/tandem_vicent_ws/devel/include/cola2_msgs/Setpoints.h
Symlinking /home/rosuser/repo/tandem_vicent_ws/devel/include/cola2_msgs/KeyValue.h
Symlinking /home/rosuser/repo/tandem_vicent_ws/devel/include/cola2_msgs/PilotActionFeedback.h
Symlinking /home/rosuser/repo/tandem_vicent_ws/devel/include/cola2_msgs/DecimalLatLon.h
Symlinking /home/rosuser/repo/tandem_vicent_ws/devel/include/cola2_msgs/CaptainStateFeedback.h
Symlinking /home/rosuser/repo/tandem_vicent_ws/devel/include/cola2_msgs/DigitalOutput.h
Symlinking /home/rosuser/repo/tandem_vicent_ws/devel/include/cola2_msgs/Goto.h
Symlinking /home/rosuser/repo/tandem_vicent_ws/devel/include/cola2_msgs/Mission.h
Symlinking /home/rosuser/repo/tandem_vicent_ws/devel/include/cola2_msgs/MaxJoyVelocity.h
Symlinking /home/rosuser/repo/tandem_vicent_ws/devel/include/cola2_msgs/RecoveryResponse.h
Symlinking /home/rosuser/repo/tandem_vicent_ws/devel/include/cola2_msgs/WorldWaypointReq.h
Symlinking /home/rosuser/repo/tandem_vicent_ws/devel/include/cola2_msgs/NED.h
Symlinking /home/rosuser/repo/tandem_vicent_ws/devel/include/cola2_msgs/BodyVelocityReq.h
Symlinking /home/rosuser/repo/tandem_vicent_ws/devel/include/cola2_msgs/PilotGoal.h
Symlinking /home/rosuser/repo/tandem_vicent_ws/devel/include/cola2_msgs/MaxJoyVelocityRequest.h
Symlinking /home/rosuser/repo/tandem_vicent_ws/devel/include/cola2_msgs/SectionRequest.h
Symlinking /home/rosuser/repo/tandem_vicent_ws/devel/include/cola2_msgs/BodyForceReq.h
Symlinking /home/rosuser/repo/tandem_vicent_ws/devel/include/cola2_msgs/PilotActionGoal.h
Symlinking /home/rosuser/repo/tandem_vicent_ws/devel/include/cola2_msgs/ActionRequest.h
Symlinking /home/rosuser/repo/tandem_vicent_ws/devel/include/cola2_msgs/DigitalOutputRequest.h
Symlinking /home/rosuser/repo/tandem_vicent_ws/devel/include/cola2_msgs/NavSts.h
Symlinking /home/rosuser/repo/tandem_vicent_ws/devel/include/cola2_msgs/Section.h
Symlinking /home/rosuser/repo/tandem_vicent_ws/devel/include/cola2_msgs/StringRequest.h
Symlinking /home/rosuser/repo/tandem_vicent_ws/devel/include/cola2_msgs/KeyValueArray.h
Symlinking /home/rosuser/repo/tandem_vicent_ws/devel/include/cola2_msgs/PilotResult.h
Symlinking /home/rosuser/repo/tandem_vicent_ws/devel/include/cola2_msgs/DVL.h
Symlinking /home/rosuser/repo/tandem_vicent_ws/devel/include/cola2_msgs/MissionState.h
Symlinking /home/rosuser/repo/tandem_vicent_ws/devel/include/cola2_msgs/GotoResponse.h
Symlinking /home/rosuser/repo/tandem_vicent_ws/devel/include/cola2_msgs/ImageAcquisitionSettings.h
Symlinking /home/rosuser/repo/tandem_vicent_ws/devel/include/cola2_msgs/SSSConfig.h
Symlinking /home/rosuser/repo/tandem_vicent_ws/devel/include/cola2_msgs/Float32Stamped.h
Symlinking /home/rosuser/repo/tandem_vicent_ws/devel/include/cola2_msgs/DVLBeam.h
Symlinking /home/rosuser/repo/tandem_vicent_ws/devel/include/cola2_msgs/Bool6Axis.h
Symlinking /home/rosuser/repo/tandem_vicent_ws/devel/include/cola2_msgs/GotoRequest.h
Symlinking /home/rosuser/repo/tandem_vicent_ws/devel/include/cola2_msgs/ActionResponse.h
Symlinking /home/rosuser/repo/tandem_vicent_ws/devel/include/cola2_msgs/SectionResponse.h
